// Jest Snapshot v1, https://goo.gl/fbAQLP

exports[`Card renders passed children and adds data-tid 1`] = `
<div
  className=""
  data-tid="card"
>
  <div
    className={undefined}
    data-tid="card-body"
  >
    <h1>
      Hello world
    </h1>
  </div>
</div>
`;
