// Jest Snapshot v1, https://goo.gl/fbAQLP

exports[`ag/Listings/Listing photos renders a component with a PhotoCarousel with defaults if active 1`] = `
Object {
  "className": undefined,
  "lazyLoad": false,
  "lazyLoadGallery": false,
  "onSlide": [Function],
  "renderCustomControls": undefined,
  "server": "https://rentpath-res.cloudinary.com/",
  "showNav": true,
}
`;
